
============================================================
  The Adventures of Sherlock Holmes
============================================================
  ↓ Fetching: https://www.gutenberg.org/files/1661/1661-0.txt
  ✓  A Scandal in Bohemia  (8,526 words, 48,040 bytes)
  ✓  The Red-Headed League  (9,109 words, 50,770 bytes)
  ✓  A Case of Identity  (6,980 words, 38,951 bytes)
  ✓  The Boscombe Valley Mystery  (9,620 words, 52,671 bytes)
  ✓  The Five Orange Pips  (7,319 words, 40,604 bytes)
  ✓  The Man with the Twisted Lip  (9,206 words, 50,458 bytes)
  ✓  The Adventure of the Blue Carbuncle  (7,815 words, 43,558 bytes)
  ✓  The Adventure of the Speckled Band  (9,812 words, 54,316 bytes)
  ✓  The Adventure of the Engineer's Thumb  (8,290 words, 45,869 bytes)
  ✓  The Adventure of the Noble Bachelor  (8,109 words, 45,589 bytes)
  ✓  The Adventure of the Beryl Coronet  (9,686 words, 52,380 bytes)
  ✓  The Adventure of the Copper Beeches  (12,859 words, 73,070 bytes)

============================================================
  The Memoirs of Sherlock Holmes
============================================================
  ↓ Fetching: https://www.gutenberg.org/files/834/834-0.txt
  ✓  Silver Blaze  (9,574 words, 59,508 bytes)
  ✓  The Adventure of the Cardboard Box  (8,687 words, 51,887 bytes)
  ✓  The Yellow Face  (7,503 words, 44,257 bytes)
  ✓  The Stock-Broker's Clerk  (6,782 words, 41,909 bytes)
  ✓  The "Gloria Scott"  (7,845 words, 47,086 bytes)
  ✓  The Musgrave Ritual  (7,554 words, 45,967 bytes)
  ✓  The Reigate Squires  (7,168 words, 44,968 bytes)
  ✓  The Crooked Man  (7,118 words, 42,896 bytes)
  ✓  The Resident Patient  (6,437 words, 40,450 bytes)
  ✓  The Greek Interpreter  (6,999 words, 43,623 bytes)
  ✓  The Naval Treaty  (12,604 words, 77,682 bytes)
  ✓  The Final Problem  (7,154 words, 43,410 bytes)

============================================================
  The Return of Sherlock Holmes
============================================================
  ↓ Fetching: https://www.gutenberg.org/files/108/108-0.txt
  ✓  The Adventure of the Empty House  (8,688 words, 53,011 bytes)
  ✓  The Adventure of the Norwood Builder  (9,213 words, 57,135 bytes)
  ✓  The Adventure of the Dancing Men  (9,630 words, 58,382 bytes)
  ✓  The Adventure of the Solitary Cyclist  (7,826 words, 47,768 bytes)
  ✓  The Adventure of the Priory School  (11,445 words, 71,008 bytes)
  ✓  The Adventure of Black Peter  (8,102 words, 49,550 bytes)
  ✓  The Adventure of Charles Augustus Milverton  (6,704 words, 41,270 bytes)
  ✓  The Adventure of the Six Napoleons  (8,317 words, 50,731 bytes)
  ✓  The Adventure of the Three Students  (6,456 words, 40,161 bytes)
  ✓  The Adventure of the Golden Pince-Nez  (8,914 words, 54,540 bytes)
  ✓  The Adventure of the Missing Three-Quarter  (7,977 words, 49,812 bytes)
  ✓  The Adventure of the Abbey Grange  (9,131 words, 54,901 bytes)
  ✓  The Adventure of the Second Stain  (9,625 words, 60,315 bytes)

============================================================
  His Last Bow
============================================================
  ↓ Fetching: https://www.gutenberg.org/files/2350/2350-0.txt
  ✓  The Adventure of Wisteria Lodge  (11,397 words, 63,640 bytes)
  ✓  The Adventure of the Bruce-Partington Plans  (10,667 words, 60,787 bytes)
  ✓  The Adventure of the Devil's Foot  (9,975 words, 56,155 bytes)
  ✓  The Adventure of the Red Circle  (7,287 words, 40,935 bytes)
  ✓  The Disappearance of Lady Frances Carfax  (7,671 words, 43,248 bytes)
  ✓  The Adventure of the Dying Detective  (5,775 words, 32,431 bytes)
  ✓  His Last Bow  (6,057 words, 34,082 bytes)

============================================================
  The Case-Book of Sherlock Holmes
============================================================
  ↓ Fetching: https://www.gutenberg.org/files/69700/69700-0.txt
  ✓  The Adventure of the Illustrious Client  (9,751 words, 53,295 bytes)
  ✓  The Adventure of the Blanched Soldier  (7,711 words, 41,903 bytes)
  ✓  The Adventure of the Mazarin Stone  (5,640 words, 31,586 bytes)
  ✓  The Adventure of the Three Gables  (6,049 words, 33,096 bytes)
  ✓  The Adventure of the Sussex Vampire  (5,961 words, 32,962 bytes)
  ✓  The Adventure of the Three Garridebs  (6,210 words, 34,460 bytes)
  ✓  The Problem of Thor Bridge  (9,575 words, 52,327 bytes)
  ✓  The Adventure of the Creeping Man  (7,650 words, 42,934 bytes)
  ✓  The Adventure of the Lion's Mane  (7,175 words, 39,616 bytes)
  ✓  The Adventure of the Veiled Lodger  (4,457 words, 24,144 bytes)
  ✓  The Adventure of Shoscombe Old Place  (6,239 words, 33,862 bytes)
  ✓  The Adventure of the Retired Colourman  (5,698 words, 32,001 bytes)

============================================================
  Complete! 56 stories saved to:
  /Users/neilmarshall/Projects/SherlockHolmesApp/data/stories
============================================================

Files (56):
  A_Case_of_Identity.txt  (38,951 bytes)
  A_Scandal_in_Bohemia.txt  (48,040 bytes)
  His_Last_Bow.txt  (34,082 bytes)
  Silver_Blaze.txt  (59,508 bytes)
  The_Adventure_of_Black_Peter.txt  (49,550 bytes)
  The_Adventure_of_Charles_Augustus_Milverton.txt  (41,270 bytes)
  The_Adventure_of_Shoscombe_Old_Place.txt  (33,862 bytes)
  The_Adventure_of_Wisteria_Lodge.txt  (63,640 bytes)
  The_Adventure_of_the_Abbey_Grange.txt  (54,901 bytes)
  The_Adventure_of_the_Beryl_Coronet.txt  (52,380 bytes)
  The_Adventure_of_the_Blanched_Soldier.txt  (41,903 bytes)
  The_Adventure_of_the_Blue_Carbuncle.txt  (43,558 bytes)
  The_Adventure_of_the_Bruce-Partington_Plans.txt  (60,787 bytes)
  The_Adventure_of_the_Cardboard_Box.txt  (51,887 bytes)
  The_Adventure_of_the_Copper_Beeches.txt  (73,070 bytes)
  The_Adventure_of_the_Creeping_Man.txt  (42,934 bytes)
  The_Adventure_of_the_Dancing_Men.txt  (58,382 bytes)
  The_Adventure_of_the_Devil's_Foot.txt  (56,155 bytes)
  The_Adventure_of_the_Dying_Detective.txt  (32,431 bytes)
  The_Adventure_of_the_Empty_House.txt  (53,011 bytes)
  The_Adventure_of_the_Engineer's_Thumb.txt  (45,869 bytes)
  The_Adventure_of_the_Golden_Pince-Nez.txt  (54,540 bytes)
  The_Adventure_of_the_Illustrious_Client.txt  (53,295 bytes)
  The_Adventure_of_the_Lion's_Mane.txt  (39,616 bytes)
  The_Adventure_of_the_Mazarin_Stone.txt  (31,586 bytes)
  The_Adventure_of_the_Missing_Three-Quarter.txt  (49,812 bytes)
  The_Adventure_of_the_Noble_Bachelor.txt  (45,589 bytes)
  The_Adventure_of_the_Norwood_Builder.txt  (57,135 bytes)
  The_Adventure_of_the_Priory_School.txt  (71,008 bytes)
  The_Adventure_of_the_Red_Circle.txt  (40,935 bytes)
  The_Adventure_of_the_Retired_Colourman.txt  (32,001 bytes)
  The_Adventure_of_the_Second_Stain.txt  (60,315 bytes)
  The_Adventure_of_the_Six_Napoleons.txt  (50,731 bytes)
  The_Adventure_of_the_Solitary_Cyclist.txt  (47,768 bytes)
  The_Adventure_of_the_Speckled_Band.txt  (54,316 bytes)
  The_Adventure_of_the_Sussex_Vampire.txt  (32,962 bytes)
  The_Adventure_of_the_Three_Gables.txt  (33,096 bytes)
  The_Adventure_of_the_Three_Garridebs.txt  (34,460 bytes)
  The_Adventure_of_the_Three_Students.txt  (40,161 bytes)
  The_Adventure_of_the_Veiled_Lodger.txt  (24,144 bytes)
  The_Boscombe_Valley_Mystery.txt  (52,671 bytes)
  The_Crooked_Man.txt  (42,896 bytes)
  The_Disappearance_of_Lady_Frances_Carfax.txt  (43,248 bytes)
  The_Final_Problem.txt  (43,410 bytes)
  The_Five_Orange_Pips.txt  (40,604 bytes)
  The_Gloria_Scott.txt  (47,086 bytes)
  The_Greek_Interpreter.txt  (43,623 bytes)
  The_Man_with_the_Twisted_Lip.txt  (50,458 bytes)
  The_Musgrave_Ritual.txt  (45,967 bytes)
  The_Naval_Treaty.txt  (77,682 bytes)
  The_Problem_of_Thor_Bridge.txt  (52,327 bytes)
  The_Red-Headed_League.txt  (50,770 bytes)
  The_Reigate_Squires.txt  (44,968 bytes)
  The_Resident_Patient.txt  (40,450 bytes)
  The_Stock-Broker's_Clerk.txt  (41,909 bytes)
  The_Yellow_Face.txt  (44,257 bytes)
